// Vitest Snapshot v1, https://vitest.dev/guide/snapshot.html

exports[`derived control surface > matches the frozen snapshot 1`] = `
[
  "color post.duotoneHighlight",
  "color post.duotoneShadow",
  "slider post.bloomRadius",
  "slider post.bloomStrength",
  "slider post.bloomThreshold",
  "slider post.blurAmount",
  "slider post.chromaAmount",
  "slider post.contrast",
  "slider post.dotScreenAngle",
  "slider post.dotScreenScale",
  "slider post.duotoneMix",
  "slider post.exposure",
  "slider post.filmIntensity",
  "slider post.grainAmount",
  "slider post.grainSize",
  "slider post.gtaoIntensity",
  "slider post.gtaoRadius",
  "slider post.gtaoThickness",
  "slider post.halftoneRadius",
  "slider post.halftoneScatter",
  "slider post.hue",
  "slider post.saturation",
  "slider post.vignetteAmount",
  "slider post.vignetteRadius",
  "slider post.vignetteSoftness",
  "switch post.bloom",
  "switch post.blur",
  "switch post.chroma",
  "switch post.color",
  "switch post.dotScreen",
  "switch post.duotone",
  "switch post.film",
  "switch post.glitch",
  "switch post.grain",
  "switch post.gtao",
  "switch post.halftone",
  "switch post.vignette",
]
`;
