// Vitest Snapshot v1, https://vitest.dev/guide/snapshot.html

exports[`resolveFormat — auto-layout stacks > layout-less section is byte-identical to today (proportional projection) 1`] = `
[
  {
    "h": 160,
    "id": "a",
    "w": 160,
    "x": 40,
    "y": 40,
  },
  {
    "h": 160,
    "id": "b",
    "w": 160,
    "x": 40,
    "y": 240,
  },
]
`;
